// Jest Snapshot v1, https://goo.gl/fbAQLP

exports[`should render LoginPage component correctly 1`] = `
<div>
  <h3>
    Login ot the App
  </h3>
  <button>
    <Link
      to="/dashboard"
    >
      Login
    </Link>
  </button>
</div>
`;
